// Jest Snapshot v1, https://goo.gl/fbAQLP

exports[`should render LoginPage correctly 1`] = `
<div>
  <h1>
    Expensify Login
  </h1>
  <button
    onClick={[Function]}
  >
    Log In
  </button>
</div>
`;
