// Jest Snapshot v1, https://goo.gl/fbAQLP

exports[`should render NotFoundPage correctly 1`] = `
<div>
  Nope, not found.  Why not 
  <Link
    replace={false}
    to="/"
  >
    go home
  </Link>
   instead?
</div>
`;
